// Jest Snapshot v1, https://goo.gl/fbAQLP

exports[`chips-input transforms correctly 1`] = `
"import { ChipsInput } from '@vkontakte/vkui';
import React from 'react';

const App = () => {
  return (
    (<React.Fragment>
      <ChipsInput id="color" value={colors} placeholder="Введите название цвета">
        Чип
      </ChipsInput>
    </React.Fragment>)
  );
};"
`;
