// Jest Snapshot v1, https://jestjs.io/docs/snapshot-testing

exports[`gallery transforms correctly 1`] = `
"import { Gallery } from '@vkontakte/vkui';
import React from 'react';

const App = () => {
  return (
    <React.Fragment>
      <Gallery>{slides}</Gallery>
      <Gallery dragDisabled>{slides}</Gallery>
    </React.Fragment>
  );
};"
`;
