// Jest Snapshot v1, https://goo.gl/fbAQLP

exports[`image-base transforms correctly 1`] = `
"import { Image, ImageBase, Avatar as VKUIAvatar } from '@vkontakte/vkui';
import React from 'react';

const App = () => {
  return (
    (<React.Fragment>
      <Image src="image.svg"></Image>
      <ImageBase noBorder src="image.svg"></ImageBase>
      <VKUIAvatar />
    </React.Fragment>)
  );
};"
`;
