// Jest Snapshot v1, https://goo.gl/fbAQLP

exports[`panel-header transforms correctly 1`] = `
"import { PanelHeader } from '@vkontakte/vkui';
import React from 'react';

const App = () => {
  return (
    (<React.Fragment>
      <PanelHeader>PanelHeader</PanelHeader>
      <PanelHeader float>PanelHeader</PanelHeader>
      <PanelHeader>PanelHeader</PanelHeader>
      <PanelHeader delimiter="none">PanelHeader</PanelHeader>
    </React.Fragment>)
  );
};"
`;
