// Jest Snapshot v1, https://goo.gl/fbAQLP

exports[`popout-wrapper transforms correctly 1`] = `
"import { PopoutWrapper } from '@vkontakte/vkui';
import React from 'react';

const App = () => {
  return (
    (<React.Fragment>
      <PopoutWrapper />
      <PopoutWrapper noBackground />
    </React.Fragment>)
  );
};"
`;
