// Jest Snapshot v1, https://goo.gl/fbAQLP

exports[`search transforms correctly 1`] = `
"import { Search } from '@vkontakte/vkui';
import React from 'react';

const App = () => {
  return (
    (<React.Fragment>
      <Search iconLabel="Иконка" clearLabel="Очистить" />
    </React.Fragment>)
  );
};"
`;
