// Jest Snapshot v1, https://goo.gl/fbAQLP

exports[`split-col transforms correctly 1`] = `
"import { SplitCol } from '@vkontakte/vkui';
import React from 'react';
import '@vkontakte/vkui/dist/vkui.css';

const App = () => {
  return (
    (<React.Fragment>
      <SplitCol autoSpaced>...</SplitCol>
      <SplitCol>...</SplitCol>
      <SplitCol autoSpaced>...</SplitCol>
    </React.Fragment>)
  );
};"
`;
