// Vitest Snapshot v1, https://vitest.dev/guide/snapshot.html

exports[`tabbar > transforms correctly 1`] = `
"import { Tabbar } from '@vkontakte/vkui';
import React from 'react';

const App = () => {
  return (
    <React.Fragment>
      <Tabbar />
      <Tabbar plain />
    </React.Fragment>
  );
};"
`;
