// Vitest Snapshot v1, https://vitest.dev/guide/snapshot.html

exports[`tooltip-container > transforms correctly 1`] = `
"import { OnboardingTooltipContainer } from '@vkontakte/vkui';
import React from 'react';

const App = () => {
  return (
    <React.Fragment>
      <OnboardingTooltipContainer>Tooltip</OnboardingTooltipContainer>
    </React.Fragment>
  );
};"
`;
