// Jest Snapshot v1, https://goo.gl/fbAQLP

exports[`tabbar transforms correctly 1`] = `
"import { Tabbar } from '@vkontakte/vkui';
import React from 'react';

const App = () => {
  return (
    (<React.Fragment>
      <Tabbar />
      <Tabbar plain />
    </React.Fragment>)
  );
};"
`;
