// Jest Snapshot v1, https://goo.gl/fbAQLP

exports[`appearance transforms correctly 1`] = `
"import { ColorScheme, type ColorSchemeType, useColorScheme } from '@vkontakte/vkui';
import React from 'react';

const Component: React.FC<{
  appearance: ColorSchemeType;
}> = ({
  appearance,
}) => {
  return (
    <div></div>
  )
}

const App = () => {
  const appearance: ColorSchemeType = ColorScheme.LIGHT;

  const fromHookAppearance = useColorScheme();

  return (
    (<React.Fragment>
      <Component appearance={ColorScheme.DARK} />
    </React.Fragment>)
  );
};"
`;

exports[`appearance transforms correctly 2`] = `
"import { ColorScheme as AppearanceAlias, type ColorSchemeType as AppearanceTypeAlias } from '@vkontakte/vkui';
import React from 'react';

const Component: React.FC<{
  appearance: AppearanceTypeAlias;
}> = () => {
  return (
    <div></div>
  )
}

const App = () => {
  const appearance: AppearanceTypeAlias = AppearanceAlias.LIGHT;

  return (
    <React.Fragment>
      <Component appearance={AppearanceAlias.DARK} />
    </React.Fragment>
  );
};"
`;
