// Jest Snapshot v1, https://goo.gl/fbAQLP

exports[`flex transforms correctly 1`] = `
"import { Flex } from '@vkontakte/vkui';
import React from 'react';

const App = () => {
  return (
    (<React.Fragment>
      <Flex
        direction="column"
        gap={[10, 20]}
        align="center"
      >
        <div/>
        <div/>
      </Flex>
      <Flex
        direction="column"
        gap={[20, 15]}
        align="center"
      />
      <Flex
        direction="column"
        gap={20}
        align="center"
      />
    </React.Fragment>)
  );
};"
`;
