// Jest Snapshot v1, https://goo.gl/fbAQLP

exports[`panel-header-back transforms correctly 1`] = `
"import { noop, PanelHeaderBack } from '@vkontakte/vkui';
import React from 'react';

const App = () => {
  return (
    (<React.Fragment>
      <PanelHeaderBack onClick={noop} label={"Закрыть"} hideLabelOnVKCom hideLabelOnIOS></PanelHeaderBack>
      <PanelHeaderBack
        onClick={noop}
        label={<><span>Закрыть</span></>}
        hideLabelOnVKCom
        hideLabelOnIOS></PanelHeaderBack>
      <PanelHeaderBack onClick={noop} label="Закрыть" hideLabelOnVKCom hideLabelOnIOS />
    </React.Fragment>)
  );
};"
`;
