// Jest Snapshot v1, https://goo.gl/fbAQLP

exports[`separator transforms correctly 1`] = `
"import { Separator } from '@vkontakte/vkui';
import React from 'react';

const App = () => {
  return (
    (<React.Fragment>
      <Separator appearance="primary" />
      <Separator appearance="primary-alpha" noPadding />
      <Separator appearance={"secondary"} />
      <Separator noPadding={false} />
    </React.Fragment>)
  );
};"
`;
