// Jest Snapshot v1, https://goo.gl/fbAQLP

exports[`simple-cell transforms correctly 1`] = `
"import { SimpleCell } from '@vkontakte/vkui';
import React from 'react';

const App = () => {
  return (
    (<React.Fragment>
      <SimpleCell
        onClick={() => {}}
        chevron="auto"
        indicator="При использовании"
      >
        Геолокация
      </SimpleCell>
      <SimpleCell
        onClick={() => {}}
        chevron="always"
        indicator="При использовании"
      >
        Геолокация
      </SimpleCell>
    </React.Fragment>)
  );
};"
`;
