// Jest Snapshot v1, https://goo.gl/fbAQLP

exports[`tooltip transforms correctly 1`] = `
"import { Button, Tooltip } from '@vkontakte/vkui';
import React from 'react';

const App = () => {
  return (
    (<React.Fragment>
      <Tooltip placement="right" title="Header" description="Привет">
        <Button style={{ margin: 20 }}>Наведи</Button>
      </Tooltip>
    </React.Fragment>)
  );
};"
`;
