// Jest Snapshot v1, https://goo.gl/fbAQLP

exports[`users-stack transforms correctly 1`] = `
"import { UsersStack } from '@vkontakte/vkui';
import React from 'react';

const App = () => {
  return (
    (<React.Fragment>
      {/* direction="row" -> avatarsPosition="start" */}
      <UsersStack
        photos={[]}
        avatarsPosition="inline-start"
        size="s"
      >
        Иван и ещё 2 ваших друга подписаны
      </UsersStack>
      {/* direction="row-reverse" -> avatarsPosition="end" */}
      <UsersStack
        photos={[]}
        avatarsPosition="inline-end"
        size="m"
      >
        Иван и ещё 2 ваших друга подписаны
      </UsersStack>
      {/* direction="column" -> avatarsPosition="top" */}
      <UsersStack
        photos={[]}
        avatarsPosition="block-start"
        size="l"
      >
        Иван и ещё 2 ваших друга подписаны
      </UsersStack>
      {/* do nothing */}
      <UsersStack
        photos={[]}
        size="s"
      >
        Иван и ещё 2 ваших друга подписаны
      </UsersStack>
    </React.Fragment>)
  );
};"
`;
